// Rstest Snapshot v1

exports[`test snapshot > test snapshot generate 1`] = `"hello world"`;
