// Rstest Snapshot v1

exports[`rstest context > should generate rstest context correctly 1`] = `
{
  "clearMocks": false,
  "coverage": {
    "clean": true,
    "enabled": false,
    "exclude": [
      "**/node_modules/**",
      "**/[.]*",
      "**/dist/**",
      "**/test/**",
      "**/__tests__/**",
      "**/__mocks__/**",
      "**/*.d.ts",
      "**/*.{test,spec}.[jt]s",
      "**/*.{test,spec}.[c|m][jt]s",
      "**/*.{test,spec}.[jt]sx",
      "**/*.{test,spec}.[c|m][jt]sx",
    ],
    "provider": "istanbul",
    "reportOnFailure": false,
    "reporters": [
      "text",
      "html",
      "clover",
      "json",
    ],
    "reportsDirectory": "<ROOT>/packages/core/coverage",
  },
  "dev": undefined,
  "disableConsoleIntercept": false,
  "env": {},
  "exclude": {
    "override": false,
    "patterns": [
      "**/node_modules/**",
      "**/dist/**",
      "**/.{idea,git,cache,output,temp}/**",
      "**/dist/.rstest-temp",
    ],
  },
  "globals": false,
  "hideSkippedTests": false,
  "hookTimeout": 10000,
  "include": [
    "**/*.{test,spec}.?(c|m)[jt]s?(x)",
  ],
  "includeSource": [],
  "isolate": true,
  "maxConcurrency": 5,
  "name": "rstest",
  "output": undefined,
  "passWithNoTests": false,
  "pool": {
    "type": "forks",
  },
  "printConsoleTrace": false,
  "reporters": [
    "default",
  ],
  "resetMocks": false,
  "restoreMocks": false,
  "retry": 0,
  "root": "<ROOT>/packages/core",
  "setupFiles": [],
  "slowTestThreshold": 300,
  "snapshotFormat": {},
  "testEnvironment": "node",
  "testTimeout": 5000,
  "unstubEnvs": false,
  "unstubGlobals": false,
  "update": false,
}
`;

exports[`rstest context > should generate rstest context correctly with multiple projects 1`] = `
{
  "clearMocks": false,
  "coverage": {
    "clean": true,
    "enabled": false,
    "exclude": [
      "**/node_modules/**",
      "**/[.]*",
      "**/dist/**",
      "**/test/**",
      "**/__tests__/**",
      "**/__mocks__/**",
      "**/*.d.ts",
      "**/*.{test,spec}.[jt]s",
      "**/*.{test,spec}.[c|m][jt]s",
      "**/*.{test,spec}.[jt]sx",
      "**/*.{test,spec}.[c|m][jt]sx",
    ],
    "provider": "istanbul",
    "reportOnFailure": false,
    "reporters": [
      "text",
      "html",
      "clover",
      "json",
    ],
    "reportsDirectory": "<ROOT>/packages/core/coverage",
  },
  "dev": undefined,
  "disableConsoleIntercept": false,
  "env": {},
  "exclude": {
    "override": false,
    "patterns": [
      "**/node_modules/**",
      "**/dist/**",
      "**/.{idea,git,cache,output,temp}/**",
      "**/dist/.rstest-temp",
    ],
  },
  "globals": false,
  "hideSkippedTests": false,
  "hookTimeout": 10000,
  "include": [
    "<ROOT>/packages/core/test-project/tests/**/*.test.ts",
  ],
  "includeSource": [],
  "isolate": true,
  "maxConcurrency": 5,
  "name": "test-project",
  "output": undefined,
  "passWithNoTests": false,
  "pool": {
    "type": "forks",
  },
  "printConsoleTrace": false,
  "reporters": [
    "default",
  ],
  "resetMocks": false,
  "restoreMocks": false,
  "retry": 0,
  "root": "<ROOT>/packages/core/test-project",
  "setupFiles": [
    "<ROOT>/packages/core/test-project/scripts/rstest.setup.ts",
  ],
  "slowTestThreshold": 300,
  "snapshotFormat": {},
  "source": {},
  "testEnvironment": "node",
  "testTimeout": 5000,
  "unstubEnvs": false,
  "unstubGlobals": false,
  "update": false,
}
`;

exports[`rstest context > should generate rstest context correctly with multiple projects 2`] = `
{
  "clearMocks": false,
  "coverage": {
    "clean": true,
    "enabled": false,
    "exclude": [
      "**/node_modules/**",
      "**/[.]*",
      "**/dist/**",
      "**/test/**",
      "**/__tests__/**",
      "**/__mocks__/**",
      "**/*.d.ts",
      "**/*.{test,spec}.[jt]s",
      "**/*.{test,spec}.[c|m][jt]s",
      "**/*.{test,spec}.[jt]sx",
      "**/*.{test,spec}.[c|m][jt]sx",
    ],
    "provider": "istanbul",
    "reportOnFailure": false,
    "reporters": [
      "text",
      "html",
      "clover",
      "json",
    ],
    "reportsDirectory": "<ROOT>/packages/core/coverage",
  },
  "dev": undefined,
  "disableConsoleIntercept": false,
  "env": {},
  "exclude": {
    "override": false,
    "patterns": [
      "**/node_modules/**",
      "**/dist/**",
      "**/.{idea,git,cache,output,temp}/**",
      "**/dist/.rstest-temp",
    ],
  },
  "globals": false,
  "hideSkippedTests": false,
  "hookTimeout": 10000,
  "include": [
    "**/*.{test,spec}.?(c|m)[jt]s?(x)",
  ],
  "includeSource": [],
  "isolate": true,
  "maxConcurrency": 5,
  "name": "test-project1",
  "output": undefined,
  "passWithNoTests": false,
  "pool": {
    "type": "forks",
  },
  "printConsoleTrace": false,
  "reporters": [
    "default",
  ],
  "resetMocks": false,
  "restoreMocks": false,
  "retry": 0,
  "root": "<ROOT>/packages/core/test-project1",
  "setupFiles": [
    "<ROOT>/packages/core/test-project1/scripts/rstest.setup.ts",
  ],
  "slowTestThreshold": 300,
  "snapshotFormat": {},
  "source": {},
  "testEnvironment": "node",
  "testTimeout": 5000,
  "unstubEnvs": false,
  "unstubGlobals": false,
  "update": false,
}
`;
