// Rstest Snapshot v1

exports[`should generate snapshot correctly 1`] = `"hello world"`;
