// Rstest Snapshot v1

exports[`test snapshot obsolete > test snapshot generate 1`] = `"hello world"`;
