// Rstest Snapshot v1

exports[`test snapshot > should failed when snapshot unmatched 1`] = `"hello world"`;
