// Snapshot v1

exports[`concurrent test 2 1`] = `"hello world"`;
