// Snapshot v1

exports[`test snapshot > test snapshot file state > test toMatchSnapshot API - 1 1`] = `"hello world - 1"`;

exports[`test snapshot > test snapshot file state > test toMatchSnapshot API 1`] = `"hello world"`;

exports[`test snapshot > test snapshot file state > test toMatchSnapshot API 2`] = `"hello Rstest"`;

exports[`test snapshot > test snapshot file state > test toMatchSnapshot API 3`] = `"hello world 1"`;

exports[`test snapshot > test snapshot file state > test toMatchSnapshot name > say hi 1`] = `"hi"`;
