// Snapshot v1

exports[`test toMatchInlineSnapshot API 1`] = `"hello world"`;
